Array
(
    [nickName] => 熊猫
    [gender] => 1
    [language] => zh_CN
    [city] => Chengdu
    [province] => Sichuan
    [country] => China
    [avatarUrl] => https://wx.qlogo.cn/mmopen/vi_32/UkfwsqsTtia04Ny3fVyI3U1L0icKkc7iasoyZicqiaicJYEOA9QhCqNwHKGlUJF2Kvv8rv63sVQIVbI9oiad0ebf2xnGA/0
    [code] => 003oN9Di1BDpzx0QcXDi10zQCi1oN9D-
)
{"session_key":"pG+xIwcuyBxmUqxaBVCAIQ==","openid":"o_kkl0TwZH3oQ_44ttLR6n5L2ckM"}